// Jest Snapshot v1, https://goo.gl/fbAQLP

exports[`renders 1`] = `
<DocumentFragment>
  <div
    class="metrics-card"
  >
    <h3
      class="metrics-card-title center"
    >
      Heart rate
    </h3>
    <svg
      class="CircularProgressbar "
      data-test-id="CircularProgressbar"
      viewBox="0 0 100 100"
    >
      <circle
        class="CircularProgressbar-background"
        cx="50"
        cy="50"
        r="50"
        style="fill: #00b9bb;"
      />
      <path
        class="CircularProgressbar-trail"
        d="
      M 50,50
      m 0,-40
      a 40,40 0 1 1 0,80
      a 40,40 0 1 1 0,-80
    "
        fill-opacity="0"
        stroke-width="8"
        style="stroke: transparent; stroke-dasharray: 251.32741228718345px 251.32741228718345px; stroke-dashoffset: 0px;"
      />
      <path
        class="CircularProgressbar-path"
        d="
      M 50,50
      m 0,-40
      a 40,40 0 1 1 0,80
      a 40,40 0 1 1 0,-80
    "
        fill-opacity="0"
        stroke-width="8"
        style="stroke: #fff; stroke-dasharray: 251.32741228718345px 251.32741228718345px; stroke-dashoffset: 75.39822368615505px;"
      />
      <text
        class="CircularProgressbar-text"
        style="fill: #fff;"
        x="50"
        y="50"
      >
        70%
      </text>
    </svg>
  </div>
</DocumentFragment>
`;

exports[`renders without ratio prop 1`] = `
<DocumentFragment>
  <div
    class="metrics-card"
  >
    <h3
      class="metrics-card-title center"
    >
      Heart rate
    </h3>
    <div
      class="center"
    >
      Connect trackers on homepage to see your progression!
    </div>
  </div>
</DocumentFragment>
`;
